// Jest Snapshot v1, https://goo.gl/fbAQLP

exports[`AxiosTransformer can get a BlogPost with many features 1`] = `
BlogPost {
  "body": "quia et suscipit
suscipit recusandae consequuntur expedita et cum
reprehenderit molestiae ut ut quas totam
nostrum rerum est autem sunt rem eveniet architecto",
  "id": 1,
  "title": "sunt aut facere repellat provident occaecati excepturi optio reprehenderit",
  "userId": 1,
}
`;

exports[`AxiosTransformer can get an array of BlogPost 1`] = `
BlogPost {
  "body": "quia et suscipit
suscipit recusandae consequuntur expedita et cum
reprehenderit molestiae ut ut quas totam
nostrum rerum est autem sunt rem eveniet architecto",
  "id": 1,
  "title": "sunt aut facere repellat provident occaecati excepturi optio reprehenderit",
  "userId": 1,
}
`;

exports[`AxiosTransformer can simply get a BlogPost - variant 1 1`] = `
BlogPost {
  "body": "quia et suscipit
suscipit recusandae consequuntur expedita et cum
reprehenderit molestiae ut ut quas totam
nostrum rerum est autem sunt rem eveniet architecto",
  "id": 1,
  "title": "sunt aut facere repellat provident occaecati excepturi optio reprehenderit",
  "userId": 1,
}
`;
